<?xml version="1.0" encoding="UTF-8"?>
<rdf:RDF xmlns:dc="http://purl.org/dc/elements/1.1/" xmlns:rdakit="http://metadataregistry.org/uri/profile/rdakit/" xmlns:rdf="http://www.w3.org/1999/02/22-rdf-syntax-ns#" xmlns:reg="http://metadataregistry.org/uri/profile/regap/" xmlns:skos="http://www.w3.org/2004/02/skos/core#">
  <!-- NOTICE: This is a single-concept fragment -->
  <!-- Scheme: RDA Media Type -->
  <skos:ConceptScheme rdf:about="http://rdaregistry.info/termList/RDAMediaType">
    <dc:title>RDA Media Type</dc:title>
  </skos:ConceptScheme>
  <!-- Concept: audio  -->
  <skos:Concept rdf:about="http://rdaregistry.info/termList/RDAMediaType/1001" xml:lang="en">
    <skos:inScheme rdf:resource="http://rdaregistry.info/termList/RDAMediaType"/>
    <reg:status rdf:resource="http://metadataregistry.org/uri/RegStatus/1001"/>
    <reg:identifier rdf:resource="http://metadataregistry.org/concepts/475"/>
    <skos:prefLabel xml:lang="en">audio</skos:prefLabel>
    <skos:definition xml:lang="en">A media type used to store recorded sound, designed for use with a playback device such as a turntable, audiocassette player, CD player, or MP3 player.</skos:definition>
    <skos:scopeNote xml:lang="en">Media used to store digitally encoded as well as analog sound are included.</skos:scopeNote>
    <skos:prefLabel xml:lang="de">audio</skos:prefLabel>
    <skos:definition xml:lang="de">Ein Medientyp, der zur Speicherung von aufgenommenem Ton verwendet wird und der für die Benutzung mit einem Wiedergabegerät wie z. B. Plattenspieler, Audiokassetten-Player, CD-Player oder MP3-Player konzipiert ist.</skos:definition>
    <skos:scopeNote xml:lang="de">Dazu gehören sowohl Medien für die Speicherung von digital kodiertem als auch von analogem Ton.</skos:scopeNote>
    <skos:prefLabel xml:lang="fr">audio</skos:prefLabel>
    <skos:definition xml:lang="fr">Type de média servant à emmagasiner du son enregistré et conçu pour être utilisé avec un dispositif de lecture tel qu’une platine, un lecteur de cassette audio, un lecteur de CD ou un lecteur MP3.</skos:definition>
    <skos:scopeNote xml:lang="fr">Comprend les médias servant à emmagasiner du son encodé numériquement aussi bien que du son analogique.</skos:scopeNote>
    <skos:prefLabel xml:lang="es">audio</skos:prefLabel>
    <skos:definition xml:lang="es">Medios utilizados para almacenar registro sonoro, diseñados para usarse en un aparato tal como un tornamesa, audiocasetera, equipo de CD o MP3.</skos:definition>
    <skos:scopeNote xml:lang="es">Incluye medios usados para almacenar tanto sonido codificado digitalmente como sonido análogo.</skos:scopeNote>
    <rdakit:toolkitLabel xml:lang="en">audio</rdakit:toolkitLabel>
    <rdakit:toolkitLabel xml:lang="fr">audio</rdakit:toolkitLabel>
    <rdakit:toolkitLabel xml:lang="de">audio</rdakit:toolkitLabel>
    <rdakit:toolkitLabel xml:lang="es">audio</rdakit:toolkitLabel>
    <skos:prefLabel xml:lang="zh">音频</skos:prefLabel>
    <rdakit:toolkitLabel xml:lang="zh">音频</rdakit:toolkitLabel>
    <skos:definition xml:lang="zh">用于存储录音的媒介，需与唱机、录音机、CD播放器或MP3播放器等播放设备配合使用。</skos:definition>
    <rdakit:toolkitDefinition xml:lang="zh">用于存储录音的媒介，需与唱机、录音机、CD播放器或MP3播放器等播放设备配合使用。</rdakit:toolkitDefinition>
    <rdakit:toolkitDefinition xml:lang="en">A media type used to store recorded sound, designed for use with a playback device such as a turntable, audiocassette player, CD player, or MP3 player.</rdakit:toolkitDefinition>
    <skos:scopeNote xml:lang="zh">包括用于存储数码与模拟声音的媒介。</skos:scopeNote>
    <rdakit:toolkitDefinition xml:lang="es">Medios utilizados para almacenar registro sonoro, diseñados para usarse en un aparato tal como un tornamesa, audiocasetera, equipo de CD o MP3.</rdakit:toolkitDefinition>
    <skos:prefLabel xml:lang="nl">audio</skos:prefLabel>
    <rdakit:toolkitLabel xml:lang="nl">audio</rdakit:toolkitLabel>
    <skos:definition xml:lang="nl">Media gebruikt voor de opslag van geluidsopnames, ontworpen om te gebruiken met een afspeelapparaat zoals een draaitafel, cassettespeler, cd-speler of mp3-speler.</skos:definition>
    <rdakit:toolkitDefinition xml:lang="nl">Media gebruikt voor de opslag van geluidsopnames, ontworpen om te gebruiken met een afspeelapparaat zoals een draaitafel, cassettespeler, cd-speler of mp3-speler.</rdakit:toolkitDefinition>
    <skos:prefLabel xml:lang="it">audio</skos:prefLabel>
    <rdakit:toolkitLabel xml:lang="it">audio</rdakit:toolkitLabel>
    <skos:definition xml:lang="it">Media usati per la memorizzazione di suoni registrati, progettati per essere usati con dispositivi per la riproduzione come un giradischi, un lettore per audiocassette, un lettore CD, un lettore MP3.</skos:definition>
    <rdakit:toolkitDefinition xml:lang="it">Media usati per la memorizzazione di suoni registrati, progettati per essere usati con dispositivi per la riproduzione come un giradischi, un lettore per audiocassette, un lettore CD, un lettore MP3.</rdakit:toolkitDefinition>
    <skos:scopeNote xml:lang="it">Include i media usati per la memorizzazione di suoni codificati sia in forma digitale sia in forma analogica.</skos:scopeNote>
    <skos:prefLabel xml:lang="fi">audio</skos:prefLabel>
    <rdakit:toolkitLabel xml:lang="fi">audio</rdakit:toolkitLabel>
    <skos:definition xml:lang="fi">Viestin sisältää tallennettua ääntä, ja se on suunniteltu käytettäväksi soittolaitteella kuten levysoittimella, kasettisoittimella, CD-soittimella, MP3-soittimella.</skos:definition>
    <rdakit:toolkitDefinition xml:lang="fi">Viestin sisältää tallennettua ääntä, ja se on suunniteltu käytettäväksi soittolaitteella kuten levysoittimella, kasettisoittimella, CD-soittimella, MP3-soittimella.</rdakit:toolkitDefinition>
    <skos:scopeNote xml:lang="fi">Käsittää sekä digitaalisesti koodattua että analogisesti tallennettua ääntä sisältävät viestimet.</skos:scopeNote>
    <skos:prefLabel xml:lang="sv">audio</skos:prefLabel>
    <rdakit:toolkitLabel xml:lang="sv">audio</rdakit:toolkitLabel>
    <rdakit:toolkitDefinition xml:lang="de">Ein Medientyp, der zur Speicherung von aufgenommenem Ton verwendet wird und der für die Benutzung mit einem Wiedergabegerät wie z. B. Plattenspieler, Audiokassetten-Player, CD-Player oder MP3-Player konzipiert ist.</rdakit:toolkitDefinition>
    <skos:prefLabel xml:lang="da">audio</skos:prefLabel>
    <rdakit:toolkitLabel xml:lang="da">audio</rdakit:toolkitLabel>
    <skos:definition xml:lang="da">Medietype anvendt til at lagre optaget/indspillet lyd, skabt til brug med en afspiller såsom en pladespiller, kassettebåndafspiller, CD-afspiller eller MP3-afspiller.</skos:definition>
    <rdakit:toolkitDefinition xml:lang="da">Medietype anvendt til at lagre optaget/indspillet lyd, skabt til brug med en afspiller såsom en pladespiller, kassettebåndafspiller, CD-afspiller eller MP3-afspiller.</rdakit:toolkitDefinition>
    <skos:scopeNote xml:lang="da">Medier anvendt til lagring af både digitalt kodet og analog lyd er omfattet.</skos:scopeNote>
    <skos:prefLabel xml:lang="vi">audio</skos:prefLabel>
    <rdakit:toolkitLabel xml:lang="vi">audio</rdakit:toolkitLabel>
    <skos:definition xml:lang="vi">Loại phương tiện dùng để lưu giữ âm thanh được ghi, dùng với thiết bị phát lại như là máy quay đĩa, máy phát audiocasset, máy chơi CD, máy chơi MP3.</skos:definition>
    <rdakit:toolkitDefinition xml:lang="vi">Loại phương tiện dùng để lưu giữ âm thanh được ghi, dùng với thiết bị phát lại như là máy quay đĩa, máy phát audiocasset, máy chơi CD, máy chơi MP3.</rdakit:toolkitDefinition>
    <skos:scopeNote xml:lang="vi">Các phương tiện dùng để lưu giữ âm thanh được mã hoá kỹ thuật số cũng như tương tự được bao gồm.</skos:scopeNote>
    <skos:prefLabel xml:lang="ca">àudio</skos:prefLabel>
    <rdakit:toolkitLabel xml:lang="ca">àudio</rdakit:toolkitLabel>
    <skos:definition xml:lang="ca">Suport usat per emmagatzemar so enregistrat, concebut perquè s'usi amb un aparell de reproducció, com ara un tocadiscs, un reproductor de cassets àudio, un reproductor de CD o un reproductor MP3.</skos:definition>
    <rdakit:toolkitDefinition xml:lang="ca">Suport usat per emmagatzemar so enregistrat, concebut perquè s'usi amb un aparell de reproducció, com ara un tocadiscs, un reproductor de cassets àudio, un reproductor de CD o un reproductor MP3.</rdakit:toolkitDefinition>
    <skos:scopeNote xml:lang="ca">Inclou els suports usats per emmagatzemar so codificat digitalment i analògicament.</skos:scopeNote>
    <rdakit:toolkitDefinition xml:lang="fr">Type de média servant à emmagasiner du son enregistré et conçu pour être utilisé avec un dispositif de lecture tel qu’une platine, un lecteur de cassette audio, un lecteur de CD ou un lecteur MP3.</rdakit:toolkitDefinition>
    <skos:prefLabel xml:lang="no">lydmedier</skos:prefLabel>
    <rdakit:toolkitLabel xml:lang="no">lydmedier</rdakit:toolkitLabel>
    <skos:definition xml:lang="no">En medietype som brukes til å lagre innspilt lyd, laget for bruk med en avspillingsenhet som platespiller, kassettspiller, CD-spiller eller MP3-spiller.</skos:definition>
    <rdakit:toolkitDefinition xml:lang="no">En medietype som brukes til å lagre innspilt lyd, laget for bruk med en avspillingsenhet som platespiller, kassettspiller, CD-spiller eller MP3-spiller.</rdakit:toolkitDefinition>
    <skos:scopeNote xml:lang="no">Medier som brukes til å lagre både digitalt kodet og analog lyd.</skos:scopeNote>
  </skos:Concept>
  <!-- Status properties used in this document  -->
  <skos:Concept rdf:about="http://metadataregistry.org/uri/RegStatus/1001">
    <skos:prefLabel xml:lang="en">Published</skos:prefLabel>
  </skos:Concept>
</rdf:RDF>
