<?xml version="1.0" encoding="UTF-8"?>
<rdf:RDF xmlns:dc="http://purl.org/dc/elements/1.1/" xmlns:foaf="http://xmlns.com/foaf/0.1/" xmlns:rdakit="http://metadataregistry.org/uri/profile/rdakit/" xmlns:rdf="http://www.w3.org/1999/02/22-rdf-syntax-ns#" xmlns:rdfs="http://www.w3.org/2000/01/rdf-schema#" xmlns:reg="http://metadataregistry.org/uri/profile/regap/" xmlns:skos="http://www.w3.org/2004/02/skos/core#" xml:base="http://rdaregistry.info/Elements/c/">
  <!-- Element Set: RDA Classes -->
  <rdf:Description rdf:about="http://rdaregistry.info/Elements/c/">
    <dc:title xml:lang="en">RDA Classes</dc:title>
    <skos:note xml:lang="en">Classes derived from RDA entities based on FRBR and FRAD entities.</skos:note>
    <foaf:homepage rdf:resource="http://www.rdaregistry.info/Elements/c/"/>
  </rdf:Description>
  <!-- Property: agent -->
  <rdf:Description rdf:about="http://rdaregistry.info/Elements/c/C10002">
    <rdfs:isDefinedBy rdf:resource="http://rdaregistry.info/Elements/c/"/>
    <reg:status rdf:resource="http://metadataregistry.org/uri/RegStatus/1001"/>
    <reg:name xml:lang="en">Agent</reg:name>
    <rdfs:label xml:lang="en">agent</rdfs:label>
    <skos:definition xml:lang="en">A person, family, or corporate body.</skos:definition>
    <rdf:type rdf:resource="http://www.w3.org/2002/07/owl#Class"/>
    <reg:hasSubClass rdf:resource="http://rdaregistry.info/Elements/c/C10004"/>
    <reg:hasSubClass rdf:resource="http://rdaregistry.info/Elements/c/C10005"/>
    <reg:hasSubClass rdf:resource="http://rdaregistry.info/Elements/c/C10008"/>
    <reg:lexicalAlias rdf:resource="http://rdaregistry.info/Elements/c/Agent.en"/>
    <rdakit:toolkitLabel xml:lang="en">agent</rdakit:toolkitLabel>
    <rdakit:toolkitDefinition xml:lang="en">A person, family, or corporate body.</rdakit:toolkitDefinition>
    <rdfs:label xml:lang="fr">Agent</rdfs:label>
    <skos:definition xml:lang="fr">Personne, famille ou collectivité.</skos:definition>
    <rdakit:toolkitLabel xml:lang="fr">Agent</rdakit:toolkitLabel>
    <rdakit:toolkitDefinition xml:lang="fr">Personne, famille ou collectivité.</rdakit:toolkitDefinition>
    <reg:hasSubClass rdf:resource="http://rdaregistry.info/Elements/c/C10011"/>
    <rdfs:subClassOf rdf:resource="http://rdaregistry.info/Elements/c/C10013"/>
  </rdf:Description>
  <!-- Status properties used in this document  -->
  <skos:Concept rdf:about="http://metadataregistry.org/uri/RegStatus/1001">
    <skos:prefLabel xml:lang="en">Published</skos:prefLabel>
  </skos:Concept>
</rdf:RDF>
