<?xml version="1.0" encoding="UTF-8"?>
<rdf:RDF xmlns:dc="http://purl.org/dc/elements/1.1/" xmlns:foaf="http://xmlns.com/foaf/0.1/" xmlns:rdakit="http://metadataregistry.org/uri/profile/rdakit/" xmlns:rdf="http://www.w3.org/1999/02/22-rdf-syntax-ns#" xmlns:rdfs="http://www.w3.org/2000/01/rdf-schema#" xmlns:reg="http://metadataregistry.org/uri/profile/regap/" xmlns:skos="http://www.w3.org/2004/02/skos/core#" xml:base="http://rdaregistry.info/Elements/c/">
  <!-- Element Set: RDA Classes -->
  <rdf:Description rdf:about="http://rdaregistry.info/Elements/c/">
    <dc:title xml:lang="en">RDA Classes</dc:title>
    <foaf:homepage rdf:resource="http://www.rdaregistry.info/Elements/c/"/>
    <skos:note xml:lang="en">Classes derived from RDA entities based on FRBR and FRAD entities.</skos:note>
  </rdf:Description>
  <!-- Classes -->
  <!-- Class: agent -->
  <rdf:Description rdf:about="http://rdaregistry.info/Elements/c/C10002">
    <rdfs:isDefinedBy rdf:resource="http://rdaregistry.info/Elements/c/"/>
    <reg:status rdf:resource="http://metadataregistry.org/uri/RegStatus/1001"/>
    <reg:name xml:lang="en">Agent</reg:name>
    <rdfs:label xml:lang="en">agent</rdfs:label>
    <skos:definition xml:lang="en">A person, family, or corporate body.</skos:definition>
    <rdf:type rdf:resource="http://www.w3.org/2002/07/owl#Class"/>
    <reg:hasSubClass rdf:resource="http://rdaregistry.info/Elements/c/C10004"/>
    <reg:hasSubClass rdf:resource="http://rdaregistry.info/Elements/c/C10005"/>
    <reg:hasSubClass rdf:resource="http://rdaregistry.info/Elements/c/C10008"/>
    <reg:lexicalAlias rdf:resource="http://rdaregistry.info/Elements/c/Agent.en"/>
    <rdakit:toolkitLabel xml:lang="en">agent</rdakit:toolkitLabel>
    <rdakit:toolkitDefinition xml:lang="en">A person, family, or corporate body.</rdakit:toolkitDefinition>
    <rdfs:label xml:lang="fr">Agent</rdfs:label>
    <skos:definition xml:lang="fr">Personne, famille ou collectivité.</skos:definition>
    <rdakit:toolkitLabel xml:lang="fr">Agent</rdakit:toolkitLabel>
    <rdakit:toolkitDefinition xml:lang="fr">Personne, famille ou collectivité.</rdakit:toolkitDefinition>
    <reg:hasSubClass rdf:resource="http://rdaregistry.info/Elements/c/C10011"/>
    <rdfs:subClassOf rdf:resource="http://rdaregistry.info/Elements/c/C10013"/>
  </rdf:Description>
  <!-- Class: collective agent -->
  <rdf:Description rdf:about="http://rdaregistry.info/Elements/c/C10011">
    <rdfs:isDefinedBy rdf:resource="http://rdaregistry.info/Elements/c/"/>
    <reg:status rdf:resource="http://metadataregistry.org/uri/RegStatus/1001"/>
    <rdfs:subClassOf rdf:resource="http://rdaregistry.info/Elements/c/C10002"/>
    <rdf:type rdf:resource="http://www.w3.org/2002/07/owl#Class"/>
    <reg:name xml:lang="en">CollectiveAgent</reg:name>
    <rdfs:label xml:lang="en">collective agent</rdfs:label>
    <reg:lexicalAlias rdf:resource="http://rdaregistry.info/Elements/c/CollectiveAgent.en"/>
    <skos:definition xml:lang="en">A gathering or organization of persons bearing a particular name and capable of acting as a unit.</skos:definition>
    <skos:scopeNote xml:lang="en">A collective agent includes a corporate body and a family.</skos:scopeNote>
    <rdakit:toolkitLabel xml:lang="en">collective agent</rdakit:toolkitLabel>
    <rdakit:toolkitDefinition xml:lang="en">A gathering or organization of persons bearing a particular name and capable of acting as a unit.</rdakit:toolkitDefinition>
    <rdfs:subClassOf rdf:resource="http://rdaregistry.info/Elements/c/C10013"/>
  </rdf:Description>
  <!-- Class: corporate body -->
  <rdf:Description rdf:about="http://rdaregistry.info/Elements/c/C10005">
    <rdfs:isDefinedBy rdf:resource="http://rdaregistry.info/Elements/c/"/>
    <reg:status rdf:resource="http://metadataregistry.org/uri/RegStatus/1001"/>
    <rdfs:label xml:lang="en">corporate body</rdfs:label>
    <skos:definition xml:lang="en">An organization or group of persons and/or organizations that is identified by a particular name and that acts, or may act, as a unit.</skos:definition>
    <rdf:type rdf:resource="http://www.w3.org/2002/07/owl#Class"/>
    <rdfs:subClassOf rdf:resource="http://rdaregistry.info/Elements/c/C10011"/>
    <reg:lexicalAlias rdf:resource="http://rdaregistry.info/Elements/c/CorporateBody.en"/>
    <rdakit:toolkitLabel xml:lang="en">corporate body</rdakit:toolkitLabel>
    <rdakit:toolkitDefinition xml:lang="en">An organization or group of persons and/or organizations that is identified by a particular name and that acts, or may act, as a unit.</rdakit:toolkitDefinition>
    <rdfs:label xml:lang="fr">Collectivité</rdfs:label>
    <skos:definition xml:lang="fr">Organisation, ou groupe de personnes et/ou d’organisations, qui est identifiée par un nom particulier et qui agit ou peut agir comme une unité.</skos:definition>
    <rdakit:toolkitLabel xml:lang="fr">Collectivité</rdakit:toolkitLabel>
    <rdakit:toolkitDefinition xml:lang="fr">Organisation, ou groupe de personnes et/ou d’organisations, qui est identifiée par un nom particulier et qui agit ou peut agir comme une unité.</rdakit:toolkitDefinition>
    <rdakit:instructionNumber xml:lang="">8.1.2</rdakit:instructionNumber>
    <reg:name xml:lang="en">CorporateBody</reg:name>
  </rdf:Description>
  <!-- Class: English label -->
  <rdf:Description rdf:about="http://rdaregistry.info/Elements/c/C10014">
    <rdfs:isDefinedBy rdf:resource="http://rdaregistry.info/Elements/c/"/>
    <reg:status rdf:resource="http://metadataregistry.org/uri/RegStatus/1001"/>
    <reg:name xml:lang="en">EnglishName</reg:name>
    <reg:name xml:lang="fr">FrenchName</reg:name>
    <rdfs:label xml:lang="en">English label</rdfs:label>
    <rdfs:label xml:lang="fr">French label</rdfs:label>
    <reg:lexicalAlias rdf:resource="rdac:EnglishName.en"/>
    <skos:definition xml:lang="en">English description</skos:definition>
    <skos:definition xml:lang="fr">French description</skos:definition>
    <skos:scopeNote xml:lang="en">English Note</skos:scopeNote>
    <skos:scopeNote xml:lang="fr">French Note</skos:scopeNote>
    <rdakit:toolkitLabel xml:lang="en">English Toolkit label</rdakit:toolkitLabel>
    <rdakit:toolkitLabel xml:lang="fr">French Toolkit label</rdakit:toolkitLabel>
    <rdakit:toolkitDefinition xml:lang="en">English Toolkit Definition</rdakit:toolkitDefinition>
    <rdakit:toolkitDefinition xml:lang="fr">French Toolkit definition</rdakit:toolkitDefinition>
    <rdf:type rdf:resource="http://www.w3.org/2002/07/owl#Class"/>
    <rdfs:subClassOf rdf:resource="rdac:C10002"/>
    <rdfs:subClassOf rdf:resource="rdac:C10013"/>
    <rdakit:instructionNumber xml:lang="">9.9.9</rdakit:instructionNumber>
  </rdf:Description>
  <!-- Class: expression -->
  <rdf:Description rdf:about="http://rdaregistry.info/Elements/c/C10006">
    <rdfs:isDefinedBy rdf:resource="http://rdaregistry.info/Elements/c/"/>
    <reg:status rdf:resource="http://metadataregistry.org/uri/RegStatus/1001"/>
    <rdfs:label xml:lang="en">expression</rdfs:label>
    <skos:definition xml:lang="en">An intellectual or artistic realization of a work in the form of alpha-numeric, musical or choreographic notation, sound, image, object, movement, etc., or any combination of such forms.</skos:definition>
    <rdf:type rdf:resource="http://www.w3.org/2002/07/owl#Class"/>
    <reg:lexicalAlias rdf:resource="http://rdaregistry.info/Elements/c/Expression.en"/>
    <rdakit:toolkitLabel xml:lang="en">expression</rdakit:toolkitLabel>
    <rdakit:toolkitDefinition xml:lang="en">An intellectual or artistic realization of a work in the form of alpha-numeric, musical or choreographic notation, sound, image, object, movement, etc., or any combination of such forms.</rdakit:toolkitDefinition>
    <rdfs:label xml:lang="fr">Expression</rdfs:label>
    <skos:definition xml:lang="fr">La réalisation intellectuelle ou artistique d’une œuvre sous la forme d’une notation alphanumérique, musicale ou chorégraphique, de son, d’image, d’objet, de mouvement, etc. ou de toute combinaison de ces formes.</skos:definition>
    <rdakit:toolkitLabel xml:lang="fr">Expression</rdakit:toolkitLabel>
    <rdakit:toolkitDefinition xml:lang="fr">La réalisation intellectuelle ou artistique d’une œuvre sous la forme d’une notation alphanumérique, musicale ou chorégraphique, de son, d’image, d’objet, de mouvement, etc. ou de toute combinaison de ces formes.</rdakit:toolkitDefinition>
    <rdakit:instructionNumber xml:lang="">5.1.2</rdakit:instructionNumber>
    <rdfs:subClassOf rdf:resource="http://rdaregistry.info/Elements/c/C10013"/>
    <reg:name xml:lang="en">Expression</reg:name>
  </rdf:Description>
  <!-- Class: family -->
  <rdf:Description rdf:about="http://rdaregistry.info/Elements/c/C10008">
    <rdfs:isDefinedBy rdf:resource="http://rdaregistry.info/Elements/c/"/>
    <reg:status rdf:resource="http://metadataregistry.org/uri/RegStatus/1001"/>
    <reg:name xml:lang="en">Family</reg:name>
    <rdfs:label xml:lang="en">family</rdfs:label>
    <skos:definition xml:lang="en">Two or more persons related by birth, marriage, adoption, civil union, or similar legal status, or who otherwise present themselves as a family.</skos:definition>
    <rdf:type rdf:resource="http://www.w3.org/2002/07/owl#Class"/>
    <rdfs:subClassOf rdf:resource="http://rdaregistry.info/Elements/c/C10011"/>
    <rdakit:toolkitLabel xml:lang="en">family</rdakit:toolkitLabel>
    <rdakit:toolkitDefinition xml:lang="en">Two or more persons related by birth, marriage, adoption, civil union, or similar legal status, or who otherwise present themselves as a family.</rdakit:toolkitDefinition>
    <rdfs:label xml:lang="fr">foobar</rdfs:label>
    <skos:definition xml:lang="fr">Deux ou plusieurs personnes liées par la naissance, le mariage, l’adoption, l’union civile ou tout autre statut légal de même ordre ou bien des personnes qui, pour toute autre raison, se présentent elles-mêmes comme une famille.</skos:definition>
    <rdakit:toolkitLabel xml:lang="fr">Famille</rdakit:toolkitLabel>
    <rdakit:toolkitDefinition xml:lang="fr">Deux ou plusieurs personnes liées par la naissance, le mariage, l’adoption, l’union civile ou tout autre statut légal de même ordre ou bien des personnes qui, pour toute autre raison, se présentent elles-mêmes comme une famille.</rdakit:toolkitDefinition>
    <rdakit:instructionNumber xml:lang="">8.1.2</rdakit:instructionNumber>
    <reg:name xml:lang="fr">bingo</reg:name>
  </rdf:Description>
  <!-- Class: item -->
  <rdf:Description rdf:about="http://rdaregistry.info/Elements/c/C10003">
    <rdfs:isDefinedBy rdf:resource="http://rdaregistry.info/Elements/c/"/>
    <reg:status rdf:resource="http://metadataregistry.org/uri/RegStatus/1001"/>
    <rdfs:label xml:lang="en">item</rdfs:label>
    <skos:definition xml:lang="en">A single exemplar or instance of a manifestation.</skos:definition>
    <rdf:type rdf:resource="http://www.w3.org/2002/07/owl#Class"/>
    <reg:lexicalAlias rdf:resource="http://rdaregistry.info/Elements/c/Item.en"/>
    <rdakit:toolkitLabel xml:lang="en">item</rdakit:toolkitLabel>
    <rdakit:toolkitDefinition xml:lang="en">A single exemplar or instance of a manifestation.</rdakit:toolkitDefinition>
    <rdfs:label xml:lang="fr">Item</rdfs:label>
    <skos:definition xml:lang="fr">Exemplaire isolé ou occurrence d’une manifestation.</skos:definition>
    <rdakit:toolkitLabel xml:lang="fr">Item</rdakit:toolkitLabel>
    <rdakit:toolkitDefinition xml:lang="fr">Exemplaire isolé ou occurrence d’une manifestation.</rdakit:toolkitDefinition>
    <rdakit:instructionNumber xml:lang="">1.1.5</rdakit:instructionNumber>
    <rdfs:subClassOf rdf:resource="http://rdaregistry.info/Elements/c/C10013"/>
    <reg:name xml:lang="en">Item</reg:name>
  </rdf:Description>
  <!-- Class: manifestation -->
  <rdf:Description rdf:about="http://rdaregistry.info/Elements/c/C10007">
    <rdfs:isDefinedBy rdf:resource="http://rdaregistry.info/Elements/c/"/>
    <reg:status rdf:resource="http://metadataregistry.org/uri/RegStatus/1001"/>
    <rdfs:label xml:lang="en">manifestation</rdfs:label>
    <skos:definition xml:lang="en">A physical embodiment of an expression of a work.</skos:definition>
    <rdf:type rdf:resource="http://www.w3.org/2002/07/owl#Class"/>
    <reg:lexicalAlias rdf:resource="http://rdaregistry.info/Elements/c/Manifestation.en"/>
    <rdakit:toolkitLabel xml:lang="en">manifestation</rdakit:toolkitLabel>
    <rdakit:toolkitDefinition xml:lang="en">A physical embodiment of an expression of a work.</rdakit:toolkitDefinition>
    <rdfs:label xml:lang="fr">Manifestation</rdfs:label>
    <skos:definition xml:lang="fr">La matérialisation d’une expression d’une œuvre.</skos:definition>
    <rdakit:toolkitLabel xml:lang="fr">Manifestation</rdakit:toolkitLabel>
    <rdakit:toolkitDefinition xml:lang="fr">La matérialisation d’une expression d’une œuvre.</rdakit:toolkitDefinition>
    <rdakit:instructionNumber xml:lang="">1.1.5</rdakit:instructionNumber>
    <rdfs:subClassOf rdf:resource="http://rdaregistry.info/Elements/c/C10013"/>
    <reg:name xml:lang="en">Manifestation</reg:name>
  </rdf:Description>
  <!-- Class: nomen -->
  <rdf:Description rdf:about="http://rdaregistry.info/Elements/c/C10012">
    <rdfs:isDefinedBy rdf:resource="http://rdaregistry.info/Elements/c/"/>
    <reg:status rdf:resource="http://metadataregistry.org/uri/RegStatus/1001"/>
    <rdf:type rdf:resource="http://www.w3.org/2002/07/owl#Class"/>
    <reg:name xml:lang="en">Nomen</reg:name>
    <rdfs:label xml:lang="en">nomen</rdfs:label>
    <reg:lexicalAlias rdf:resource="http://rdaregistry.info/Elements/c/Nomen.en"/>
    <skos:definition xml:lang="en">A designation that refers to an RDA entity.</skos:definition>
    <skos:scopeNote xml:lang="en">A designation includes a name, title, access point, identifier, and subject classification codes and headings.</skos:scopeNote>
    <rdakit:toolkitLabel xml:lang="en">nomen</rdakit:toolkitLabel>
    <rdakit:toolkitDefinition xml:lang="en">A designation that refers to an RDA entity.</rdakit:toolkitDefinition>
    <rdfs:subClassOf rdf:resource="http://rdaregistry.info/Elements/c/C10013"/>
  </rdf:Description>
  <!-- Class: person -->
  <rdf:Description rdf:about="http://rdaregistry.info/Elements/c/C10004">
    <rdfs:isDefinedBy rdf:resource="http://rdaregistry.info/Elements/c/"/>
    <reg:status rdf:resource="http://metadataregistry.org/uri/RegStatus/1001"/>
    <rdfs:label xml:lang="en">person</rdfs:label>
    <skos:definition xml:lang="en">An individual or an identity established by an individual, either alone or in collaboration with one or more other individuals.</skos:definition>
    <rdf:type rdf:resource="http://www.w3.org/2002/07/owl#Class"/>
    <rdfs:subClassOf rdf:resource="http://rdaregistry.info/Elements/c/C10002"/>
    <reg:lexicalAlias rdf:resource="http://rdaregistry.info/Elements/c/Person.en"/>
    <rdakit:toolkitLabel xml:lang="en">person</rdakit:toolkitLabel>
    <rdakit:toolkitDefinition xml:lang="en">An individual or an identity established by an individual, either alone or in collaboration with one or more other individuals.</rdakit:toolkitDefinition>
    <rdfs:label xml:lang="fr">Personne</rdfs:label>
    <skos:definition xml:lang="fr">Individu ou identité établie par un individu, seul ou en collaboration avec un ou plusieurs autres individus.</skos:definition>
    <rdakit:toolkitLabel xml:lang="fr">Personne</rdakit:toolkitLabel>
    <rdakit:toolkitDefinition xml:lang="fr">Individu ou identité établie par un individu, seul ou en collaboration avec un ou plusieurs autres individus.</rdakit:toolkitDefinition>
    <rdakit:instructionNumber xml:lang="">8.1.2</rdakit:instructionNumber>
    <reg:name xml:lang="en">Person</reg:name>
  </rdf:Description>
  <!-- Class: place -->
  <rdf:Description rdf:about="http://rdaregistry.info/Elements/c/C10009">
    <rdfs:isDefinedBy rdf:resource="http://rdaregistry.info/Elements/c/"/>
    <reg:status rdf:resource="http://metadataregistry.org/uri/RegStatus/1001"/>
    <rdf:type rdf:resource="http://www.w3.org/2002/07/owl#Class"/>
    <reg:name xml:lang="en">Place</reg:name>
    <rdfs:label xml:lang="en">place</rdfs:label>
    <reg:lexicalAlias rdf:resource="http://rdaregistry.info/Elements/c/Place.en"/>
    <skos:definition xml:lang="en">A given extent of space.</skos:definition>
    <rdakit:toolkitLabel xml:lang="en">place</rdakit:toolkitLabel>
    <rdakit:toolkitDefinition xml:lang="en">A given extent of space.</rdakit:toolkitDefinition>
    <rdfs:subClassOf rdf:resource="http://rdaregistry.info/Elements/c/C10013"/>
  </rdf:Description>
  <!-- Class: RDA entity -->
  <rdf:Description rdf:about="http://rdaregistry.info/Elements/c/C10013">
    <rdfs:isDefinedBy rdf:resource="http://rdaregistry.info/Elements/c/"/>
    <reg:status rdf:resource="http://metadataregistry.org/uri/RegStatus/1001"/>
    <rdf:type rdf:resource="http://www.w3.org/2002/07/owl#Class"/>
    <reg:name xml:lang="en">RDAEntity</reg:name>
    <rdfs:label xml:lang="en">RDA entity</rdfs:label>
    <reg:lexicalAlias rdf:resource="http://rdaregistry.info/Elements/c/RDAEntity.en"/>
    <skos:definition xml:lang="en">An abstract class of key conceptual objects in the universe of human discourse that is a focus of interest to users of RDA metadata in library information systems.</skos:definition>
    <rdakit:toolkitLabel xml:lang="en">RDA entity</rdakit:toolkitLabel>
    <rdakit:toolkitDefinition xml:lang="en">An abstract class of key conceptual objects in the universe of human discourse that is a focus of interest to users of RDA metadata in library information systems.</rdakit:toolkitDefinition>
    <reg:hasSubClass rdf:resource="http://rdaregistry.info/Elements/c/C10003"/>
    <reg:hasSubClass rdf:resource="http://rdaregistry.info/Elements/c/C10006"/>
    <reg:hasSubClass rdf:resource="http://rdaregistry.info/Elements/c/C10007"/>
    <reg:hasSubClass rdf:resource="http://rdaregistry.info/Elements/c/C10009"/>
    <reg:hasSubClass rdf:resource="http://rdaregistry.info/Elements/c/C10010"/>
    <reg:hasSubClass rdf:resource="http://rdaregistry.info/Elements/c/C10012"/>
    <skos:scopeNote xml:lang="en">An RDA entity includes an agent, collective agent, corporate body, expression, family, item, manifestation, nomen, person, place, time-span, and work.</skos:scopeNote>
  </rdf:Description>
  <!-- Class: time-span -->
  <rdf:Description rdf:about="http://rdaregistry.info/Elements/c/C10010">
    <rdfs:isDefinedBy rdf:resource="http://rdaregistry.info/Elements/c/"/>
    <reg:status rdf:resource="http://metadataregistry.org/uri/RegStatus/1001"/>
    <rdf:type rdf:resource="http://www.w3.org/2002/07/owl#Class"/>
    <reg:name xml:lang="en">Timespan</reg:name>
    <rdfs:label xml:lang="en">time-span</rdfs:label>
    <reg:lexicalAlias rdf:resource="http://rdaregistry.info/Elements/c/Timespan.en"/>
    <skos:definition xml:lang="en">A temporal extent having a beginning, an end and a duration.</skos:definition>
    <rdakit:toolkitLabel xml:lang="en">time-span</rdakit:toolkitLabel>
    <rdfs:subClassOf rdf:resource="http://rdaregistry.info/Elements/c/C10013"/>
    <rdakit:toolkitDefinition xml:lang="en">A temporal extent having a beginning, an end and a duration.</rdakit:toolkitDefinition>
  </rdf:Description>
  <!-- Class: work -->
  <rdf:Description rdf:about="http://rdaregistry.info/Elements/c/C10001">
    <rdfs:isDefinedBy rdf:resource="http://rdaregistry.info/Elements/c/"/>
    <reg:status rdf:resource="http://metadataregistry.org/uri/RegStatus/1001"/>
    <rdfs:label xml:lang="en">work</rdfs:label>
    <skos:definition xml:lang="en">A distinct intellectual or artistic creation, that is, the intellectual or artistic content.</skos:definition>
    <rdf:type rdf:resource="http://www.w3.org/2002/07/owl#Class"/>
    <reg:lexicalAlias rdf:resource="http://rdaregistry.info/Elements/c/Work.en"/>
    <rdakit:toolkitLabel xml:lang="en">work</rdakit:toolkitLabel>
    <rdakit:toolkitDefinition xml:lang="en">A distinct intellectual or artistic creation, that is, the intellectual or artistic content.</rdakit:toolkitDefinition>
    <rdfs:label xml:lang="fr">Œuvre</rdfs:label>
    <skos:definition xml:lang="fr">Création intellectuelle ou artistique déterminée, c’est-à-dire le contenu intellectuel ou artistique.</skos:definition>
    <rdakit:toolkitLabel xml:lang="fr">Œuvre</rdakit:toolkitLabel>
    <rdakit:toolkitDefinition xml:lang="fr">Création intellectuelle ou artistique déterminée, c’est-à-dire le contenu intellectuel ou artistique.</rdakit:toolkitDefinition>
    <rdakit:instructionNumber xml:lang="">5.1.2</rdakit:instructionNumber>
    <reg:name xml:lang="en">Work</reg:name>
    <rdfs:subClassOf rdf:resource="http://rdaregistry.info/Elements/c/C10013"/>
  </rdf:Description>
  <!-- Status properties used in this document  -->
  <skos:Concept rdf:about="http://metadataregistry.org/uri/RegStatus/1001">
    <skos:prefLabel xml:lang="en">Published</skos:prefLabel>
  </skos:Concept>
</rdf:RDF>
